16:55:46 **** Incremental Build of configuration Debug for project RFID_nucleo ****
make -j16 all 
arm-none-eabi-gcc "../Core/Src/main.c" -mcpu=cortex-m4 -std=gnu11 -g3 -DDEBUG -DUSE_HAL_DRIVER -DSTM32L476xx -c -I../Core/Inc -I../Drivers/STM32L4xx_HAL_Driver/Inc -I../Drivers/STM32L4xx_HAL_Driver/Inc/Legacy -I../Drivers/CMSIS/Device/ST/STM32L4xx/Include -I../Drivers/CMSIS/Include -O0 -ffunction-sections -fdata-sections -Wall -fstack-usage -MMD -MP -MF"Core/Src/main.d" -MT"Core/Src/main.o" --specs=nano.specs -mfpu=fpv4-sp-d16 -mfloat-abi=hard -mthumb -o "Core/Src/main.o"
../Core/Src/main.c: In function 'main':
../Core/Src/main.c:165:12: warning: unused variable 'data' [-Wunused-variable]
  165 |    uint8_t data[] = "HELLO WORLD123 \r\n";
      |            ^~~~
../Core/Src/main.c:161:11: warning: unused variable 'msg' [-Wunused-variable]
  161 |   uint8_t msg[256];
      |           ^~~
arm-none-eabi-gcc -o "RFID_nucleo.elf" @"objects.list"   -mcpu=cortex-m4 -T"C:\Projects\UST_RFID\Weshare_Arduino-1\STM32\RFID_nucleo\STM32L476RGTX_FLASH.ld" --specs=nosys.specs -Wl,-Map="RFID_nucleo.map" -Wl,--gc-sections -static --specs=nano.specs -mfpu=fpv4-sp-d16 -mfloat-abi=hard -mthumb -Wl,--start-group -lc -lm -Wl,--end-group
Finished building target: RFID_nucleo.elf
 
arm-none-eabi-objdump -h -S  RFID_nucleo.elf  > "RFID_nucleo.list"
arm-none-eabi-objcopy  -O binary  RFID_nucleo.elf  "RFID_nucleo.bin"
arm-none-eabi-size   RFID_nucleo.elf 
   text	   data	    bss	    dec	    hex	filename
  14288	     20	   1836	  16144	   3f10	RFID_nucleo.elf
Finished building: default.size.stdout
 
Finished building: RFID_nucleo.bin
 
Finished building: RFID_nucleo.list
 
16:59:16 **** Incremental Build of configuration Debug for project RFID_nucleo ****
make -j16 all 
arm-none-eabi-gcc "../Core/Src/main.c" -mcpu=cortex-m4 -std=gnu11 -g3 -DDEBUG -DUSE_HAL_DRIVER -DSTM32L476xx -c -I../Core/Inc -I../Drivers/STM32L4xx_HAL_Driver/Inc -I../Drivers/STM32L4xx_HAL_Driver/Inc/Legacy -I../Drivers/CMSIS/Device/ST/STM32L4xx/Include -I../Drivers/CMSIS/Include -O0 -ffunction-sections -fdata-sections -Wall -fstack-usage -MMD -MP -MF"Core/Src/main.d" -MT"Core/Src/main.o" --specs=nano.specs -mfpu=fpv4-sp-d16 -mfloat-abi=hard -mthumb -o "Core/Src/main.o"
../Core/Src/main.c: In function 'main':
../Core/Src/main.c:165:12: warning: unused variable 'data' [-Wunused-variable]
  165 |    uint8_t data[] = "HELLO WORLD123 \r\n";
      |            ^~~~
../Core/Src/main.c:161:11: warning: unused variable 'msg' [-Wunused-variable]
  161 |   uint8_t msg[256];
      |           ^~~
arm-none-eabi-gcc -o "RFID_nucleo.elf" @"objects.list"   -mcpu=cortex-m4 -T"C:\Projects\UST_RFID\Weshare_Arduino-1\STM32\RFID_nucleo\STM32L476RGTX_FLASH.ld" --specs=nosys.specs -Wl,-Map="RFID_nucleo.map" -Wl,--gc-sections -static --specs=nano.specs -mfpu=fpv4-sp-d16 -mfloat-abi=hard -mthumb -Wl,--start-group -lc -lm -Wl,--end-group
Finished building target: RFID_nucleo.elf
 
arm-none-eabi-objdump -h -S  RFID_nucleo.elf  > "RFID_nucleo.list"
arm-none-eabi-objcopy  -O binary  RFID_nucleo.elf  "RFID_nucleo.bin"
arm-none-eabi-size   RFID_nucleo.elf 
   text	   data	    bss	    dec	    hex	filename
  14276	     20	   1836	  16132	   3f04	RFID_nucleo.elf
Finished building: default.size.stdout
 
Finished building: RFID_nucleo.bin
 
Finished building: RFID_nucleo.list
 
